###############################################################################
#
# IAR ELF Linker V9.10.1.308/W64 for ARM                  24/Nov/2024  20:59:03
# Copyright 2007-2021 IAR Systems AB.
#
#    Output file  =  G:\EMBEDDED\projectEmbedded\Debug\Exe\main.out
#    Map file     =  G:\EMBEDDED\projectEmbedded\Debug\List\main.map
#    Command line =
#        -f G:\EMBEDDED\projectEmbedded\Debug\Exe\main.out.rsp
#        (G:\EMBEDDED\projectEmbedded\Debug\Obj\adc.o
#        G:\EMBEDDED\projectEmbedded\Debug\Obj\dio.o
#        G:\EMBEDDED\projectEmbedded\Debug\Obj\main.o
#        G:\EMBEDDED\projectEmbedded\Debug\Obj\temperature.o --no_out_extension
#        -o G:\EMBEDDED\projectEmbedded\Debug\Exe\main.out --redirect
#        _Printf=_PrintfFullNoMb --redirect _Scanf=_ScanfFullNoMb --map
#        G:\EMBEDDED\projectEmbedded\Debug\List\main.map --config "C:\Program
#        Files\IAR Systems\Embedded Workbench
#        9.0\arm\config\linker\TexasInstruments\TM4C123GH6.icf" --semihosting
#        --entry __iar_program_start --vfe --text_out locale)
#
###############################################################################

*******************************************************************************
*** RUNTIME MODEL ATTRIBUTES
***

CppFlavor       = *
__SystemLibrary = DLib
__dlib_version  = 6


*******************************************************************************
*** HEAP SELECTION
***

The basic heap was selected because no calls to memory allocation
functions were found in the application outside of system library
functions, and there are calls to deallocation functions in the
application.


*******************************************************************************
*** PLACEMENT SUMMARY
***

"A0":  place at address 0x0 { ro section .intvec };
"P1":  place in [from 0x0 to 0x3'ffff] { ro };
define block CSTACK with size = 4K, alignment = 8 { };
define block HEAP with size = 8K, alignment = 8 { };
"P2":  place in [from 0x2000'0000 to 0x2000'7fff] {
          rw, block CSTACK, block HEAP };

No sections matched the following patterns:

  rw  in "P2"


  Section   Kind         Address    Size  Object
  -------   ----         -------    ----  ------
"A0":                               0x40
  .intvec   ro code          0x0    0x40  vector_table_M.o [4]
                          - 0x40    0x40

"P1":                              0x294
  .text     ro code         0x40    0xa4  adc.o [1]
  .text     ro code         0xe4    0x9c  dio.o [1]
  .text     ro code        0x180    0x80  main.o [1]
  .text     ro code        0x200    0x4c  temperature.o [1]
  .text     ro code        0x24c    0x22  fpinit_M.o [3]
  .text     ro code        0x26e     0x2  vectortrap_M.o [4]
  .text     ro code        0x270    0x1e  cmain.o [4]
  .text     ro code        0x28e     0x4  low_level_init.o [2]
  .text     ro code        0x292     0x4  exit.o [2]
  .text     ro code        0x298     0xa  cexit.o [4]
  .text     ro code        0x2a4    0x14  exit.o [5]
  .text     ro code        0x2b8    0x1c  cstartup_M.o [4]
                         - 0x2d4   0x294

"P2":                             0x1000
  CSTACK             0x2000'0000  0x1000  <Block>
    CSTACK  uninit   0x2000'0000  0x1000  <Block tail>
                   - 0x2000'1000  0x1000

Unused ranges:

         From           To      Size
         ----           --      ----
        0x2d4     0x3'ffff  0x3'fd2c
  0x2000'1000  0x2000'7fff    0x7000



*******************************************************************************
*** MODULE SUMMARY
***

    Module            ro code  rw data
    ------            -------  -------
command line/config:
    ----------------------------------
    Total:

G:\EMBEDDED\projectEmbedded\Debug\Obj: [1]
    adc.o                 164
    dio.o                 156
    main.o                128
    temperature.o          76
    ----------------------------------
    Total:                524

dl7M_tln.a: [2]
    exit.o                  4
    low_level_init.o        4
    ----------------------------------
    Total:                  8

m7M_tls.a: [3]
    fpinit_M.o             34
    ----------------------------------
    Total:                 34

rt7M_tl.a: [4]
    cexit.o                10
    cmain.o                30
    cstartup_M.o           28
    vector_table_M.o       64
    vectortrap_M.o          2
    ----------------------------------
    Total:                134

shb_l.a: [5]
    exit.o                 20
    ----------------------------------
    Total:                 20

    Gaps                    4
    Linker created               4'096
--------------------------------------
    Grand Total:          724    4'096


*******************************************************************************
*** ENTRY LIST
***

Entry                     Address  Size  Type      Object
-----                     -------  ----  ----      ------
?main                       0x271        Code  Gb  cmain.o [4]
BusFault_Handler            0x26f        Code  Wk  vectortrap_M.o [4]
CSTACK$$Base          0x2000'0000         --   Gb  - Linker created -
CSTACK$$Limit         0x2000'1000         --   Gb  - Linker created -
DebugMon_Handler            0x26f        Code  Wk  vectortrap_M.o [4]
HardFault_Handler           0x26f        Code  Wk  vectortrap_M.o [4]
MemManage_Handler           0x26f        Code  Wk  vectortrap_M.o [4]
NMI_Handler                 0x26f        Code  Wk  vectortrap_M.o [4]
PendSV_Handler              0x26f        Code  Wk  vectortrap_M.o [4]
Region$$Table$$Base           0x0         --   Gb  - Linker created -
Region$$Table$$Limit          0x0         --   Gb  - Linker created -
SVC_Handler                 0x26f        Code  Wk  vectortrap_M.o [4]
SysTick_Handler             0x26f        Code  Wk  vectortrap_M.o [4]
UsageFault_Handler          0x26f        Code  Wk  vectortrap_M.o [4]
__cmain                     0x271        Code  Gb  cmain.o [4]
__exit                      0x2a5  0x14  Code  Gb  exit.o [5]
__iar_init_vfp              0x24d        Code  Gb  fpinit_M.o [3]
__iar_program_start         0x2b9        Code  Gb  cstartup_M.o [4]
__low_level_init            0x28f   0x4  Code  Gb  low_level_init.o [2]
__vector_table                0x0        Data  Gb  vector_table_M.o [4]
_call_main                  0x27d        Code  Gb  cmain.o [4]
_exit                       0x299        Code  Gb  cexit.o [4]
adc_init                     0x41  0xa4  Code  Gb  adc.o [1]
control_leds_buzzer         0x181  0x56  Code  Gb  main.o [1]
dio_init                     0xe5  0x9c  Code  Gb  dio.o [1]
exit                        0x293   0x4  Code  Gb  exit.o [2]
main                        0x1d7  0x26  Code  Gb  main.o [1]
read_temperature            0x201  0x4c  Code  Gb  temperature.o [1]


[1] = G:\EMBEDDED\projectEmbedded\Debug\Obj
[2] = dl7M_tln.a
[3] = m7M_tls.a
[4] = rt7M_tl.a
[5] = shb_l.a

    724 bytes of readonly  code memory
  4'096 bytes of readwrite data memory

Errors: none
Warnings: none
